[2026-02-25T10:51:00.616Z] UPDATE HIT: entity=consultations id=699e381477df45dd116c716b
[2026-02-25T10:51:00.622Z] Denorm data title: "Consultation Morel - Contrôle post-colite" | standard.title: undefined | existing.title: "Consultation Morel - Contrôle post-colite"
[2026-02-25T10:51:00.625Z] Computed title: "Consultation Morel - Contrôle post-colite"
[2026-02-25T10:53:46.648Z] UPDATE HIT: entity=consultations id=699e381477df45dd116c716b
[2026-02-25T10:53:46.654Z] Denorm data title: "Consultation Morel - Contrôle post-colite" | standard.title: undefined | existing.title: "Consultation Morel - Contrôle post-colite"
[2026-02-25T10:53:46.657Z] Computed title: "Consultation Morel - Contrôle post-colite"
[2026-02-25T10:54:00.275Z] UPDATE HIT: entity=consultations id=699e381477df45dd116c716b
[2026-02-25T10:54:00.279Z] Denorm data title: "Consultation Morel - Contrôle post-colite" | standard.title: undefined | existing.title: "Consultation Morel - Contrôle post-colite"
[2026-02-25T10:54:00.282Z] Computed title: "Consultation Morel - Contrôle post-colite"
[2026-02-25T10:54:04.892Z] UPDATE HIT: entity=consultations id=699e381477df45dd116c716b
[2026-02-25T10:54:04.896Z] Denorm data title: "Consultation Morel - Contrôle post-colite" | standard.title: undefined | existing.title: "Consultation Morel - Contrôle post-colite"
[2026-02-25T10:54:04.899Z] Computed title: "Consultation Morel - Contrôle post-colite"
[2026-02-25T10:54:24.425Z] UPDATE HIT: entity=consultations id=699e381477df45dd116c716b
[2026-02-25T10:54:24.431Z] Denorm data title: "Consultation Morel - Contrôle post-colite" | standard.title: undefined | existing.title: "Consultation Morel - Contrôle post-colite"
[2026-02-25T10:54:24.433Z] Computed title: "Consultation Morel - Contrôle post-colite"
[2026-02-25T10:54:46.041Z] UPDATE HIT: entity=consultations id=699e381477df45dd116c7164
[2026-02-25T10:54:46.045Z] Denorm data title: "Consultation Dupont - Renouvellement" | standard.title: undefined | existing.title: "Consultation Dupont - Renouvellement"
[2026-02-25T10:54:46.048Z] Computed title: "Consultation Dupont - Renouvellement"
[2026-02-25T10:55:42.377Z] UPDATE HIT: entity=consultations id=699e381477df45dd116c7164
[2026-02-25T10:55:42.381Z] Denorm data title: "Consultation Dupont - Renouvellement" | standard.title: undefined | existing.title: "Consultation Dupont - Renouvellement"
[2026-02-25T10:55:42.384Z] Computed title: "Consultation Dupont - Renouvellement"
